kg
kilogram
kilograms
kilograms
s
second
millisecond
ms
microsecond
µs
µm
µL
m
meter
meters
A
ampere
amp
cd
candela
mol
mole
K
kelvin
radian
sr
steradian
bit
yotta
zetta
exa
peta
tera
giga
mega
myria
kilo
hecto
deca
deka
deci
centi
milli
micro
nano
pico
femto
atto
zepto
yocto
quarter
semi
demi
hemi
half
double
triple
treble
kibi
mebi
gibi
tebi
pebi
exbi
Ki
Mi
Gi
Ti
Pi
Ei
Y
Z
E
P
T
G
m
K
h
da
d
c
m
n
p
f
a
z
y
shortbillion
shorttrillion
shortquadrillion
shortquintillion
shortsextillion
shortseptillion
shortoctillion
shortnonillion
shortnoventillion
shortdecillion
shortundecillion
shortduodecillion
shorttredecillion
shortquattuordecillion
shortquindecillion
shortsexdecillion
shortseptendecillion
shortoctodecillion
shortnovemdecillion
shortvigintillion
centillion
googol
longbillion
longtrillion
longquadrillion
longquintillion
longsextillion
longseptillion
longoctillion
longnonillion
longnoventillion
longdecillion
longundecillion
longduodecillion
longtredecillion
longquattuordecillion
longquindecillion
longsexdecillion
longseptdecillion
longoctodecillion
longnovemdecillion
longvigintillion
milliard
billiard
trilliard
quadrilliard
quintilliard
sextilliard
septilliard
octilliard
nonilliard
noventilliard
decilliard
longmilliard
longbilliard
longtrilliard
longquadrilliard
longquintilliard
longsextilliard
longseptilliard
longoctilliard
longnonilliard
longnoventilliard
longdecilliard
billion
trillion
quadrillion
quintillion
sextillion
septillion
octillion
nonillion
noventillion
decillion
undecillion
duodecillion
tredecillion
quattuordecillion
quindecillion
sexdecillion
septendecillion
octodecillion
novemdecillion
vigintillion
newton
N
pascal
Pa
joule
J
watt
W
coulomb
C
volt
V
ohm
siemens
S
farad
F
weber
Wb
henry
H
tesla
T
hertz
Hz
LENGTH
AREA
VOLUME
MASS
CURRENT
AMOUNT
ANGLE
SOLID_ANGLE
FORCE
PRESSURE
STRESS
CHARGE
CAPACITANCE
RESISTANCE
CONDUCTANCE
INDUCTANCE
FREQUENCY
VELOCITY
ACCELERATION
DENSITY
LINEAR_DENSITY
VISCOSITY
KINEMATIC_VISCOSITY
SPECIFIC_SURFACE_AREA
gram
milligram
milligrams
mg
centigram
centigrams
cg
gm
g
tonne
t
metricton
sthene
funal
pieze
quintal
bar
vac
micron
bicron
cc
liter
milliliter
milliliters
hectoliter
hl
kiloliter
liters
ml
oldliter
l
L
mho
galvat
angstrom
xunit
siegbahn
fermi
barn
katal
kat
sec
minute
min
hour
hr
hrs
day
d
da
week
wk
wks
sennight
fortnight
blink
ce
cron
circle
degree
arcdeg
arcmin
arcminute
'
arcsec
arcsecond
                       arcsec ''                      
rightangle
quadrant
quintant
sextant
turn
revolution
rev
pulsatance
gon
grade
centesimalminute
centesimalsecond
milangle
pointangle
centrad
mas
seclongitude
sphere
squaredegree
squareminute
squaresecond
squarearcmin
squarearcsec
sphericalrightangle
octant
proof
ppm
partspermillion
ppb
partsperbillion
ppt
partspertrillion
karat
caratgold
gammil
fine
molar
M
pH
tempF
tempfahrenheit
degfahrenheit
degF
degreesrankine
degrankine
degreerankine
degR
tempR
temprankine
tempreaumur
degreaumur
degK
tempK
gasmark
pi
c
light
mu0
epsilon0
energy
e
h
hbar
spin
G
coulombconst
atomicmassunit
u
amu
amu_chem
amu_phys
dalton
avogadro
N_A
gasconstant
R
boltzmann
k
kboltzmann
molarvolume
loschmidt
stefanboltzmann
sigma
wiendisplacement
K_J
R_K
gravity
force
atm
atmosphere
Hg
waterdensity
H2O
mach
standardtemp
stdtemp
Hg10C
Hg20C
Hg23C
Hg30C
Hg40C
Hg60F
H2O0C
H2O5C
H2O10C
H2O15C
H2O18C
H2O20C
H2O25C
H2O50C
H2O100C
Rinfinity
R_H
alpha
bohrradius
prout
planckmass
m_P
plancktime
t_P
plancklength
l_P
electronmass
m_e
protonmass
m_p
neutronmass
m_n
muonmass
m_mu
deuteronmass
m_d
alphaparticlemass
m_alpha
electronwavelength
lambda_C
protonwavelength
lambda_C,p
neutronwavelength
lambda_C,n
bohrmagneton
mu_B
nuclearmagneton
mu_N
mu_mu
mu_p
mu_e
mu_n
mu_d
kgf
technicalatmosphere
at
hyl
mmHg
torr
tor
inHg
inH2O
mmH2O
eV
electronvolt
lightyear
ly
lightsecond
lightminute
parsec
pc
rydberg
crith
amagatvolume
amagat
lorentz
cminv
invcm
wavenumber
kcal_mol
dyne
dyn
erg
poise
P
rhe
stokes
St
stoke
lentor
Gal
galileo
kine
bole
pond
glug
darcy
mohm
mobileohm
mechanicalohm
acousticalohm
ray
rayl
eotvos
abampere
abamp
aA
biot
Bi
abcoulomb
abcoul
abfarad
abhenry
abvolt
abohm
abmho
gauss
Gs
maxwell
Mx
oersted
Oe
gilbert
Gb
Gi
unitpole
emu
sunlum
sunillum
sunillum_o
sunlum_h
skylum
skylum_o
moonlum
s100
k1250
k1400
c250
ev100(x)
iv100(x)
TIME
anomalisticyear
siderealyear
tropicalyear
eclipseyear
saros
siderealday
siderealhour
siderealminute
siderealsecond
anomalisticmonth
nodicalmonth
draconicmonth
draconiticmonth
siderealmonth
lunarmonth
synodicmonth
lunation
lune
lunour
year
yr
month
mo
lustrum
decade
century
millennium
millennia
solaryear
lunaryear
calendaryear
commonyear
leapyear
julianyear
gregorianyear
islamicyear
islamicleapyear
islamicmonth
mercuryday
venusday
earthday
marsday
jupiterday
saturnday
uranusday
neptuneday
plutoday
mercuryyear
venusyear
earthyear
marsyear
jupiteryear
saturnyear
uranusyear
neptuneyear
plutoyear
earthflattening
earthradius_equatorial
earthradius_polar
landarea
oceanarea
moonradius
sunradius
gauss_k
gaussianyear
astronomicalunit
au
solarmass
sunmass
sundist
moondist
sundist_near
sundist_far
mercurymass
venusmass
earthmoonmass
marsmass
jupitermass
saturnmass
uranusmass
neptunemass
plutomass
moonearthmassratio
earthmass
moonmass
oldmercurymass
oldvenusmass
oldmarsmass
oldjupitermass
oldsaturnmass
olduranusmass
oldneptunemass
oldplutomass
mercuryradius
venusradius
earthradius
marsradius
jupiterradius
saturnradius
uranusradius
neptuneradius
plutoradius
moongravity
atomicmass
atomiccharge
atomicaction
atomiclength
atomictime
atomicvelocity
atomicenergy
hartree
Hartree
thermalcoulomb
thermalampere
thermalfarad
thermalohm
fourier
thermalhenry
thermalvolt
dwt
assayton
usassayton
brassayton
fineounce
metriccarat
metricgrain
carat
ct
jewelerspoint
silversmithpoint
momme
appound
apounce
apdram
apscruple
usgallon
gal
quart
pint
gill
usquart
uspint
usgill
usfluidounce
fluiddram
minimvolume
qt
pt
floz
usfloz
fldr
liquidbarrel
usbeerbarrel
beerkeg
ponykeg
winekeg
petroleumbarrel
barrel
bbl
hogshead
usfirkin
usbushel
bu
peck
uspeck
brpeck
pk
drygallon
dryquart
drypint
drybarrel
cranberrybarrel
heapedbushel
wheatbushel
soybeanbushel
cornbushel
ryebushel
barleybushel
oatbushel
ricebushel
canada_oatbushel
ponyvolume
jigger
shot
eushot
fifth
winebottle
winesplit
wineglass
magnum
metrictenth
metricfifth
metricquart
reputedquart
reputedpint
brwinebottle
split
jeroboam
rehoboam
methuselah
salmanazar
balthazar
nebuchadnezzar
clarkdegree
gpg
shoeiron
shoeounce
shoesize_delta
shoe_men0
shoe_women0
shoe_boys0
shoe_girls0
displacementton
waterton
strike
barleycorn
englishell
flemishell
rood
englishcarat
mancus
mast
nailkeg
basebox
metre
gramme
litre
dioptre
aluminium
sulphur
tbl
tbsp
tblsp
Tb
tsp
saltspoon
uscup
ustablespoon
usteaspoon
ustbl
ustbsp
ustblsp
ustsp
metriccup
stickbutter
number1can
number2can
number2.5can
number3can
number5can
number10can
brcup
brteacup
brtablespoon
brteaspoon
brdessertspoon
dessertspoon
dsp
brtsp
brtbl
brtbsp
brtblsp
australiatablespoon
austbl
austbsp
austblsp
australiateaspoon
austsp
catty
oldcatty
tael
mace
oldpicul
picul
seer
ser
maund
pakistanseer
pakistanmaund
chittak
tola
ollock
japancup
butter_clarified
cocoa_butter
shortening
cakeflour_sifted
cakeflour_spooned
flour_sifted
flour_spooned
flour_scooped
breadflour_sifted
breadflour_spooned
breadflour_scooped
cornstarch
dutchcocoa_sifted
dutchcocoa_spooned
dutchcocoa_scooped
cocoa_sifted
cocoa_spooned
cocoa_scooped
heavycream
sourcream
cornsyrup
powdered_sugar
brownsugar_light
brownsugar_dark
baking_powder
koshersalt
koshersalt_morton
eggwhite
eggyolk
eggvolume
eggwhitevolume
eggyolkvolume
baumeconst
baume
twaddell
quevenne
brix
apidegree
ouncedal
poundal
tondal
pdl
osi
psi
psia
tsi
reyn
slug
slugf
slinch
slinchf
geepound
lbf
tonf
lbm
kip
ksi
mil
thou
circularinch
circleinch
cylinderinch
circularmil
cmil
cental
centner
caliber
duty
celo
jerk
australiapoint
sabin
standardgauge
rollwallpaper
fillpower
pinlength
buttonline
scoopnumber
beespace
retmaunit
U
RU
ENERGY
WORK
cal_IT
cal_th
cal_fifteen
cal_twenty
cal_mean
calorie
cal
calorie_IT
thermcalorie
calorie_th
Calorie
thermie
btu
britishthermalunit
btu_IT
btu_th
btu_mean
quad
ECtherm
UStherm
therm
toe
tonscoal
naturalgas
celsiusheatunit
chu
POWER
ushorsepower
hp
metrichorsepower
electrichorsepower
boilerhorsepower
waterhorsepower
brhorsepower
donkeypower
chevalvapeur
THERMAL_CONDUCTANCE
THERMAL_INSULANCE
THERMAL_CONDUCTIVITY
THERMAL_INSULATION
Rvalue
Uvalue
europeanUvalue
RSI
clo
tog
ENTROPY
clausius
langley
poncelet
tonrefrigeration
tonref
refrigeration
frigorie
tnt
airwatt
perm_0C
perm_zero
perm_0
perm
perm_23C
perm_twentythree
pair
dicker
dozen
bakersdozen
score
flock
toncount
longhundred
gross
greatgross
tithe
shortquire
quire
shortream
ream
perfectream
bundle
bale
lettersize
legalsize
ledgersize
executivesize
Apaper
Bpaper
Cpaper
Dpaper
Epaper
pointthickness
A0paper
A1paper
A2paper
A3paper
A4paper
A5paper
A6paper
A7paper
A8paper
A9paper
A10paper
B0paper
B1paper
B2paper
B3paper
B4paper
B5paper
B6paper
B7paper
B8paper
B9paper
B10paper
C0paper
C1paper
C2paper
C3paper
C4paper
C5paper
C6paper
C7paper
C8paper
C9paper
C10paper
gsm
poundbookpaper
lbbook
poundtextpaper
lbtext
poundoffsetpaper
lboffset
poundbiblepaper
lbbible
poundtagpaper
lbtag
poundbagpaper
lbbag
poundnewsprintpaper
lbnewsprint
poundposterpaper
lbposter
poundtissuepaper
lbtissue
poundwrappingpaper
lbwrapping
poundwaxingpaper
lbwaxing
poundglassinepaper
lbglassine
poundcoverpaper
lbcover
poundindexpaper
lbindex
poundindexbristolpaper
lbindexbristol
poundbondpaper
lbbond
poundwritingpaper
lbwriting
poundledgerpaper
lbledger
poundcopypaper
lbcopy
poundblottingpaper
lbblotting
poundblankspaper
lbblanks
poundpostcardpaper
lbpostcard
poundweddingbristol
lbweddingbristol
poundbristolpaper
lbbristol
poundboxboard
lbboxboard
poundpaperboard
lbpaperboard
paperM
paperdensity
papercaliper
paperpoint
fournierpoint
olddidotpoint
bertholdpoint
INpoint
germandidotpoint
metricpoint
oldpoint
printerspoint
texpoint
texscaledpoint
texsp
computerpoint
point
computerpica
postscriptpoint
pspoint
Q
frenchprinterspoint
didotpoint
europeanpoint
cicero
excelsior
brilliant
diamondtype
pearl
agate
ruby
nonpareil
mignonette
emerald
minion
brevier
bourgeois
longprimer
smallpica
pica
greatprimer
paragon
meridian
canon
nonplusultra
brillant
diamant
perl
nonpareille
kolonel
petit
borgis
korpus
corpus
garamond
mittel
tertia
text
kleine_kanon
kanon
grobe_kanon
missal
kleine_sabon
grobe_sabon
INFORMATION
nat
hartley
bps
byte
B
Kbyte
octet
meg
gig
jiffy
jiffies
cdaudiospeed
cdromspeed
dvdspeed
octave
majorsecond
majorthird
minorthird
musicalfourth
musicalfifth
majorsixth
minorsixth
majorseventh
minorseventh
pythagoreanthird
syntoniccomma
pythagoreancomma
semitone
musicalcent(x)
wholenote
MUSICAL_NOTE_LENGTH
halfnote
quarternote
eighthnote
sixteenthnote
thirtysecondnote
sixtyfourthnote
dotted
doubledotted
breve
semibreve
minimnote
crotchet
quaver
semiquaver
demisemiquaver
hemidemisemiquaver
semidemisemiquaver
woolyarnrun
yarncut
cottonyarncount
linenyarncount
worstedyarncount
metricyarncount
denier
manchesteryarnnumber
pli
typp
asbestoscut
tex
drex
poumar
skeincotton
cottonbolt
woolbolt
bolt
heer
lea
sailmakersyard
sailmakersounce
silkmomme
silkmm
mcg
iudiptheria
iupenicillin
iuinsulin
drop
bloodunit
frenchcathetersize
hectare
megohm
kilohm
microhm
megalerg
sccs
scfh
scfm
slpm
slph
lusec
g00
g000
g0000
g00000
g000000
g0000000
wiregauge
brwiregauge
plategauge
stdgauge
zincgauge
screwgauge
ringsize
sizeAring
sizeBring
sizeCring
sizeDring
sizeEring
sizeFring
sizeGring
sizeHring
sizeIring
sizeJring
sizeKring
sizeLring
sizeMring
sizeNring
sizeOring
sizePring
sizeQring
sizeRring
sizeSring
sizeTring
sizeUring
sizeVring
sizeWring
sizeXring
sizeYring
sizeZring
jpringsize
euringsize
mph
mpg
kph
fL
fpm
fps
rpm
rps
mi
smi
nmi
mbh
mcm
ipy
ccf
Mcf
kp
kpm
kWh
hph
plf
pa
ev
hg
oe
mh
us
pf
gr
nt
hz
hd
dry
imperial
nmile
beV
bev
coul
becquerel
Bq
curie
Ci
rutherford
RADIATION_DOSE
gray
Gy
rad
rep
sievert
Sv
rem
roentgen
rontgen
sievertunit
eman
mache
actinium
aluminum
americium
antimony
argon
arsenic
astatine
barium
berkelium
beryllium
bismuth
boron
bromine
cadmium
calcium
californium
carbon
cerium
cesium
chlorine
chromium
cobalt
copper
curium
dysprosium
einsteinium
erbium
europium
fermium
fluorine
francium
gadolinium
gallium
germanium
gold
hafnium
helium
holmium
hydrogen
indium
iodine
iridium
iron
krypton
lanthanum
lawrencium
lead
lithium
lutetium
magnesium
manganese
mendelevium
mercury
molybdenum
neodymium
neon
neptunium
nickel
niobium
nitrogen
nobelium
osmium
oxygen
palladium
phosphorus
platinum
plutonium
polonium
potassium
praseodymium
promethium
protactinium
radium
radon
rhenium
rhodium
rubidium
ruthenium
samarium
scandium
selenium
silicon
silver
sodium
strontium
sulfur
tantalum
technetium
tellurium
terbium
thallium
thorium
thullium
tin
titanium
tungsten
uranium
vanadium
xenon
ytterbium
yttrium
zinc
zirconium
people
person
death
capita
percapita
rin_proportion
mou_proportion
shaku
mou
rin
bu_distance
sun
jou_distance
jou
kanejakusun
kanejaku
kanejakujou
kujirajaku
kujirajakusun
kujirajakubu
kujirajakujou
tan_distance
ken
chou_distance
chou
ri
gou_area
tsubo
se
tan_area
chou_area
edoma
kyouma
chuukyouma
jou_area
tatami
newhayload
oldhaytruss
oldhayload
woolclove
woolstone
wooltod
woolwey
woolsack
woolsarpler
woollast
¼
½
¾
µ
¢
£
¥
ångström
Å
röntgen
°C
°F
°K
°R
°
hundredweight
ton
scruple
fluidounce
gallon
bushel
quarter
cup
tablespoon
teaspoon
horsepower
minim
pony
grand
firkin
acre
acrefoot
hundredweight
scruple
fluidounce
gallons
bushel
quarter
chaldron
cup
teacup
tablespoon
teaspoon
horsepower
minim
pony
grand
firkin
acres
acrefoot
statampere
statamp
statvolt
statcoulomb
esu
statcoul
statfarad
cmcapacitance
stathenry
statohm
statmho
statmaxwell
franklin
debye
helmholtz
jar
intampere
intamp
intfarad
intvolt
intohm
daniell
faraday
faraday_phys
faraday_chem
kappline
siemensunit
LUMINOUS_INTENSITY
LUMINOUS_FLUX
LUMINOUS_ENERGY
ILLUMINANCE
EXITANCE
candle
hefnerunit
hefnercandle
violle
lumen
lm
talbot
lumberg
lux
lx
phot
ph
footcandle
metercandle
mcs
nox
skot
LUMINANCE
nit
stilb
sb
apostilb
asb
blondel
equivalentlux
equivalentphot
lambert
footlambert
bril
US
survey
geodetic
int
inch
inches
in
foot
feet
ft
yard
yd
mile
millimeters
centimeters
decimeters
dekameter
hectometer
kilometer
km
mm
cm
dm
dam
hm
statutemile
league
surveyorschain
surveychain
surveyorspole
surveyorslink
usacre
intacre
intacrefoot
usacrefoot
gunterschain
engineerschain
engineerslink
ramsdenschain
ramsdenslink
gurleychain
gurleylink
wingchain
winglink
fathom
nauticalmile
UScable
navycablelength
marineleague
geographicalmile
knot
click
klick
pound
pounds
lb
grain
ounce
oz
dram
dr
ushundredweight
cwt
shorthundredweight
uston
shortton
quarterweight
shortquarterweight
shortquarter
troypound
troyounce
ozt
pennyweight
UK
british
UKlength_B
UKlength_SJJ
UKlength_K
UKlength_C
brnauticalmile
brknot
brcable
admiraltymile
admiraltyknot
admiraltycable
seamile
shackle
clove
stone
tod
brquarterweight
brhundredweight
longhundredweight
longton
brton
brminim
brscruple
fluidscruple
brdram
brfluidounce
brfloz
brgill
brpint
brquart
brgallon
brbarrel
brbushel
brheapedbushel
brquarter
brchaldron
bucket
kilderkin
noggin
pottle
puncheon
coomb
boll
firlot
brfirkin
cran
brhogshead
brbeerbutt
registerton
shippington
brshippington
freightton
ounces
square
cubic
